C51 COMPILER V9.00   MAIN                                                                  05/20/2018 22:32:45 PAGE 1   


C51 COMPILER V9.00, COMPILATION OF MODULE MAIN
OBJECT MODULE PLACED IN .\Objects\main.obj
COMPILER INVOKED BY: C:\Program Files (x86)\Keil_v5_C51\C51\BIN\C51.EXE main.c LARGE OPTIMIZE(7,SPEED) BROWSE DEBUG OBJE
                    -CTEXTEND PRINT(.\Listings\main.lst) TABS(2) OBJECT(.\Objects\main.obj)

line level    source

   1          
   2          #include "common.h"
   3          #include "GPS.h"
   4          #include "stdio.h"
   5          #include "string.h"
   6          #include "GSM.h"
   7          #include "delay.h"
   8          #include "uart1.h"
   9          #include "devices.h"
  10          #include "uart2.h"
  11          
  12          /*beep - P2.5*/
  13          /*继电器 - P2.4*/
  14          /*震动模块 - P3.2*/
  15          /*遥控模块 (全部断开) - P3.3*/
  16          /*int0 - p3.2*/
  17          /*int1 - p3.3*/
  18          /*int - p3.4*/
  19          /*int - p3.5*/
  20          
  21          /*串口1 - 3.0 3.1 */
  22          /*串口2 - 1.2 1.3*/
  23          /*ADC - 1.0~1.7  （1.5-1.7）*/
  24          
  25          
  26          extern uchar arming_flag ;//布放 撤防
  27          extern uchar shake_flag ;//震动
  28          extern uchar buzz_flag ;//鸣叫
  29          
  30          GPS_INFO_TypDef   GPS_Data; 
  31          
  32          
  33          /**************     初始化函数          *********/
  34          static void variable_init() //初始化变量
  35          {
  36   1          arming_flag = 0;//布放 撤防
  37   1          shake_flag = 0;//震动
  38   1          buzz_flag = 0;//鸣叫
  39   1          relay = 1;//默认接通引擎继电器
  40   1      }
  41          
  42          
  43          /**************     主函数        **********/
  44          void main()
  45          {
  46   1          uchar Latitude_String[12],Longitude_String[12];
  47   1        double temp;
  48   1        
  49   1          beep(100,1);
  50   1          delay_ms(200);
  51   1          arming_init();  //布放输入初始化
  52   1          variable_init();  //变量初始化
  53   1          Uart_Init();
  54   1          Uart2_Init();
C51 COMPILER V9.00   MAIN                                                                  05/20/2018 22:32:45 PAGE 2   

  55   1          UART_TC("--系统初始化成功——\r\n");
  56   1          GPS_Search();//gps搜星等待
  57   1      
  58   1          GSM_Sync_Baudrate();//同步波特率函数
  59   1          GSM_Hand();//握手函数
  60   1          GSM_Signal_quality();//信号质量
  61   1          GSM_SIM_Check();//是否检测到SIM卡片
  62   1          GSM_Network_Check();//是否连接到网络
  63   1        
  64   1          while(1)
  65   1          {
  66   2      
  67   2              if(buzz_flag)//布放两声，撤防一声
  68   2              {
  69   3                  UART_TC("——布放/撤防——\r\n");
  70   3                  beep(200,buzz_flag);
  71   3                  buzz_flag=0;
  72   3              }
  73   2              if(shake_flag == 1)//检测到震动输入
  74   2              {
  75   3                  UART_TC("——异常震动——\r\n");
  76   3                  beep(80,5);
  77   3                  shake_flag=0;
  78   3                
  79   3                  GSM_SMS_Send(1,Longitude_String,Latitude_String);
  80   3              }
  81   2              
  82   2              gnrmc_handler(&GPS_Data);
  83   2              
  84   2              temp = GPS_Data.latitude;   
  85   2              //printf("lat = %f\r\n",temp);
  86   2              sprintf(Latitude_String, "%f", (double)temp);
  87   2              printf("lat_str = %s\r\n",Latitude_String);
  88   2      
  89   2              temp = GPS_Data.longitude;    
  90   2              //printf("lng = %f\r\n",temp);
  91   2              sprintf(Longitude_String, "%f", (double)temp);
  92   2              printf("lng_str = %s\r\n",Longitude_String);
  93   2              
  94   2              if(GSM_Ring_Check())//如果有电话打来
  95   2              {
  96   3                UART_TC("——有电话打来——\r\n");
  97   3                GSM_SMS_Send(0,Longitude_String,Latitude_String);
  98   3              }
  99   2              
 100   2              
 101   2              delay_ms(500);
 102   2              UART_TC("——运行正常——\r\n");
 103   2              
 104   2          }
 105   1      
 106   1      }
 107          
 108          


MODULE INFORMATION:   STATIC OVERLAYABLE
   CODE SIZE        =    354    ----
   CONSTANT SIZE    =    135    ----
   XDATA SIZE       =     22      24
   PDATA SIZE       =   ----    ----
   DATA SIZE        =   ----    ----
C51 COMPILER V9.00   MAIN                                                                  05/20/2018 22:32:45 PAGE 3   

   IDATA SIZE       =   ----    ----
   BIT SIZE         =   ----    ----
END OF MODULE INFORMATION.


C51 COMPILATION COMPLETE.  0 WARNING(S),  0 ERROR(S)
